mode: atomic
badele/internal/radix/radix.go:41.30,41.51 1 282
badele/internal/radix/radix.go:46.2,47.1 1 5
badele/internal/radix/radix.go:53.2,53.28 1 8
badele/internal/radix/radix.go:54.3,54.16 1 7
badele/internal/radix/radix.go:55.4,56.1 1 7
badele/internal/radix/radix.go:58.2,58.18 1 1
badele/internal/radix/radix.go:65.2,66.1 1 1
badele/internal/radix/radix.go:71.2,73.1 2 203
badele/internal/radix/radix.go:77.2,79.1 2 261
badele/internal/radix/radix.go:84.2,86.1 2 3
badele/internal/radix/radix.go:113.2,114.1 1 32
badele/internal/radix/radix.go:117.31,117.46 1 2
badele/internal/radix/radix.go:124.2,125.47 2 866
badele/internal/radix/radix.go:126.3,127.1 1 575
badele/internal/radix/radix.go:128.2,128.17 1 291
badele/internal/radix/radix.go:147.2,149.33 3 155
badele/internal/radix/radix.go:150.3,151.1 1 77
badele/internal/radix/radix.go:152.2,152.44 1 78
badele/internal/radix/radix.go:153.3,154.1 1 7
badele/internal/radix/radix.go:155.2,157.36 3 71
badele/internal/radix/radix.go:158.3,160.1 2 13
badele/internal/radix/radix.go:161.2,161.16 1 71
badele/internal/radix/radix.go:162.3,163.1 1 4
badele/internal/radix/radix.go:164.2,164.37 1 67
badele/internal/radix/radix.go:165.3,166.1 1 1
badele/internal/radix/radix.go:167.2,167.24 1 66
badele/internal/radix/radix.go:181.2,181.38 1 64
badele/internal/radix/radix.go:182.3,183.1 1 3
badele/internal/radix/radix.go:184.2,185.35 2 61
badele/internal/radix/radix.go:186.3,189.17 4 155
badele/internal/radix/radix.go:190.4,191.1 1 12
badele/internal/radix/radix.go:192.3,192.15 1 143
badele/internal/radix/radix.go:194.4,194.25 1 77
badele/internal/radix/radix.go:195.5,196.1 1 40
badele/internal/radix/radix.go:197.4,198.11 2 77
badele/internal/radix/radix.go:199.5,201.1 2 54
badele/internal/radix/radix.go:202.4,202.14 1 77
badele/internal/radix/radix.go:204.4,204.24 1 55
badele/internal/radix/radix.go:205.5,207.1 2 50
badele/internal/radix/radix.go:207.11,207.36 1 5
badele/internal/radix/radix.go:208.5,209.1 1 1
badele/internal/radix/radix.go:210.4,210.19 1 54
badele/internal/radix/radix.go:212.4,212.18 1 11
badele/internal/radix/radix.go:213.5,214.1 1 2
badele/internal/radix/radix.go:215.4,215.27 1 9
badele/internal/radix/radix.go:216.5,218.1 2 7
badele/internal/radix/radix.go:218.11,218.39 1 2
badele/internal/radix/radix.go:219.5,220.1 1 1
badele/internal/radix/radix.go:221.4,221.22 1 8
badele/internal/radix/radix.go:224.2,224.18 1 45
badele/internal/radix/radix.go:225.3,226.1 1 3
badele/internal/radix/radix.go:227.2,230.12 4 42
badele/internal/radix/radix.go:246.2,247.1 1 234
badele/internal/radix/radix.go:251.2,251.16 1 933
badele/internal/radix/radix.go:252.3,252.17 1 222
badele/internal/radix/radix.go:253.4,254.1 1 220
badele/internal/radix/radix.go:255.3,255.21 1 2
badele/internal/radix/radix.go:257.2,258.44 2 711
badele/internal/radix/radix.go:259.3,259.52 1 447
badele/internal/radix/radix.go:260.4,261.1 1 434
badele/internal/radix/radix.go:265.2,265.33 1 277
badele/internal/radix/radix.go:266.3,268.54 3 252
badele/internal/radix/radix.go:269.4,270.1 1 250
badele/internal/radix/radix.go:271.3,271.24 1 2
badele/internal/radix/radix.go:273.2,273.23 1 27
badele/internal/radix/radix.go:275.3,277.1 2 5
badele/internal/radix/radix.go:278.2,278.20 1 22
badele/auth.go:23.2,26.1 3 14
badele/auth.go:32.2,34.52 3 13
badele/auth.go:35.3,36.1 1 5
badele/auth.go:37.2,38.17 2 8
badele/auth.go:39.3,40.1 1 2
badele/auth.go:41.2,41.20 1 6
badele/auth.go:58.2,58.34 1 1
badele/auth.go:59.3,60.15 2 4
badele/auth.go:61.4,63.1 2 2
badele/auth.go:64.3,64.38 1 2
badele/auth.go:65.4,66.1 1 1
badele/auth.go:67.3,67.13 1 1
badele/auth.go:79.2,79.34 1 2
badele/auth.go:80.3,81.18 2 5
badele/auth.go:82.4,83.1 1 1
badele/auth.go:84.3,84.38 1 4
badele/auth.go:85.4,86.1 1 2
badele/auth.go:87.3,87.13 1 2
badele/badele.go:184.2,186.19 3 180
badele/badele.go:187.3,188.1 1 168
badele/badele.go:189.2,196.1 3 180
badele/badele.go:197.2,198.31 3 180
badele/badele.go:198.33,198.54 1 162
badele/badele.go:199.2,200.12 2 180
badele/badele.go:206.2,206.18 1 180
badele/badele.go:207.3,208.1 1 166
badele/badele.go:209.2,209.24 1 180
badele/badele.go:210.3,211.1 1 178
badele/badele.go:212.2,212.28 1 180
badele/badele.go:213.3,214.1 1 177
badele/badele.go:215.2,215.22 1 180
badele/badele.go:216.3,217.1 1 179
badele/badele.go:218.2,218.25 1 180
badele/badele.go:219.3,220.1 1 179
badele/badele.go:221.2,222.10 2 180
badele/badele.go:231.2,234.36 2 180
badele/badele.go:235.3,236.1 1 179
badele/badele.go:237.2,238.30 2 180
badele/badele.go:239.3,240.1 1 179
badele/badele.go:251.2,252.1 1 1
badele/badele.go:256.39,256.56 1 1
badele/badele.go:267.2,267.27 1 1
badele/badele.go:268.3,269.1 1 1
badele/badele.go:275.37,275.52 1 1
badele/badele.go:288.2,290.1 2 1538
badele/badele.go:294.2,296.1 5 170
badele/badele.go:297.2,299.1 5 170
badele/badele.go:300.2,300.32 5 170
badele/badele.go:301.3,302.17 2 254
badele/badele.go:303.4,304.1 1 1
badele/badele.go:305.3,305.57 1 253
badele/badele.go:306.4,307.1 1 1
badele/badele.go:308.3,308.65 1 252
badele/badele.go:309.4,310.1 1 1
badele/badele.go:311.3,314.13 4 251
badele/badele.go:317.2,322.1 4 170
badele/badele.go:323.2,323.25 4 170
badele/badele.go:324.3,327.1 3 23
badele/badele.go:329.2,329.34 1 147
badele/badele.go:330.3,331.1 1 239
badele/badele.go:333.2,337.1 2 147
badele/badele.go:338.2,338.25 2 147
badele/badele.go:339.3,343.1 2 145
badele/badele.go:344.2,344.30 1 147
badele/badele.go:352.2,352.38 1 254
badele/badele.go:353.3,354.1 1 8
badele/badele.go:355.2,356.51 2 246
badele/badele.go:357.3,358.1 1 1
badele/badele.go:359.2,360.19 2 245
badele/badele.go:365.2,366.33 2 235
badele/badele.go:367.3,368.1 1 65
badele/badele.go:369.2,369.10 1 235
badele/badele.go:375.2,375.12 1 336
badele/badele.go:376.3,377.1 1 261
badele/badele.go:378.2,378.19 1 75
badele/badele.go:384.2,385.30 2 243
badele/badele.go:386.3,387.1 1 252
badele/badele.go:388.2,388.50 1 243
badele/badele.go:389.3,389.55 1 185
badele/badele.go:390.4,391.1 1 184
badele/badele.go:393.2,393.63 1 243
badele/badele.go:394.3,395.1 1 241
badele/badele.go:396.2,397.34 2 243
badele/badele.go:403.2,404.25 2 147
badele/badele.go:405.3,406.1 1 145
badele/badele.go:407.2,407.40 1 147
badele/badele.go:408.3,409.1 1 3
badele/badele.go:410.2,410.46 1 147
badele/badele.go:411.3,412.1 1 587
badele/badele.go:413.2,413.16 1 147
badele/badele.go:420.2,421.66 2 147
badele/badele.go:422.3,423.1 1 143
badele/badele.go:424.2,425.16 2 4
badele/badele.go:426.3,428.1 2 1
badele/badele.go:429.2,429.17 1 3
badele/badele.go:438.2,438.34 1 1337
badele/badele.go:439.3,442.1 3 1
badele/badele.go:443.2,443.27 1 1336
badele/badele.go:448.2,451.1 5 1277
badele/badele.go:452.2,453.12 5 1277
badele/badele.go:454.3,456.1 2 25
badele/badele.go:458.2,459.9 2 1252
badele/badele.go:460.3,462.1 2 44
badele/badele.go:463.2,463.17 1 1208
badele/badele.go:469.2,469.20 1 44
badele/badele.go:471.3,471.53 1 2
badele/badele.go:474.4,476.1 2 1
badele/badele.go:478.3,480.9 3 21
badele/badele.go:482.2,483.130 2 22
badele/badele.go:489.2,491.50 3 1209
badele/badele.go:496.3,498.1 2 0
badele/badele.go:499.2,500.1 2 1209
badele/badele.go:501.2,501.53 2 1209
badele/badele.go:502.3,504.1 2 56
badele/badele.go:505.2,505.40 1 1152
badele/badele.go:506.3,507.1 1 82
badele/badele.go:514.2,515.22 2 1209
badele/badele.go:516.3,517.1 1 1205
badele/badele.go:518.2,518.39 1 4
badele/badele.go:519.3,519.19 1 1
badele/badele.go:521.2,527.21 2 3
badele/badele.go:536.2,536.42 1 188
badele/badele.go:537.3,542.1 1 12
badele/badele.go:543.2,544.17 2 188
badele/badele.go:545.3,546.1 1 1
badele/badele.go:547.2,547.17 1 187
badele/badele.go:548.3,550.1 2 1
badele/badele.go:551.2,552.56 2 186
badele/badele.go:555.3,558.1 2 1
badele/badele.go:563.2,570.1 7 1277
badele/badele.go:576.2,578.1 2 1277
badele/badele.go:584.2,584.30 1 1211
badele/badele.go:585.3,586.40 2 53
badele/badele.go:587.4,587.12 1 49
badele/badele.go:589.3,590.17 2 4
badele/badele.go:591.4,592.1 1 1
badele/badele.go:593.3,593.30 1 3
badele/badele.go:595.2,595.12 1 1210
badele/badele.go:603.20,603.46 1 68
badele/badele.go:608.2,608.17 1 1254
badele/badele.go:611.3,612.1 1 2
badele/badele.go:613.2,614.72 2 1252
badele/badele.go:615.3,617.1 2 2
badele/badele.go:619.2,621.15 3 1250
badele/badele.go:622.3,622.39 1 1250
badele/badele.go:623.4,624.1 1 1250
badele/badele.go:627.2,627.50 1 1250
badele/badele.go:628.3,629.1 1 2
badele/badele.go:630.2,635.12 6 1248
badele/badele.go:641.2,641.15 1 4
badele/badele.go:642.3,643.1 1 1
badele/badele.go:644.2,644.16 1 3
badele/binding.go:54.2,54.11 1 156
badele/binding.go:56.3,56.16 1 43
badele/binding.go:58.3,58.17 1 91
badele/binding.go:60.3,60.18 1 19
badele/binding.go:62.3,62.18 1 3
badele/binding.go:123.20,123.46 1 29
badele/binding.go:139.2,140.20 2 262
badele/binding.go:141.3,143.1 2 136
badele/binding.go:144.2,144.32 1 126
badele/binding.go:145.3,146.1 1 1
badele/binding.go:148.2,149.65 2 125
badele/binding.go:150.3,151.1 1 4
badele/binding.go:153.2,154.29 2 121
badele/binding.go:155.3,156.27 2 127
badele/binding.go:157.4,158.1 1 76
badele/binding.go:159.3,159.26 1 127
badele/binding.go:160.4,160.25 1 43
badele/binding.go:161.5,162.1 1 1
badele/binding.go:166.2,166.25 1 120
badele/binding.go:167.3,176.1 1 53
badele/binding.go:178.2,178.18 1 120
badele/binding.go:184.2,185.30 2 51
badele/binding.go:186.3,186.30 1 81
badele/binding.go:187.4,188.1 1 79
badele/binding.go:190.2,190.10 1 51
badele/binding.go:196.2,197.72 2 126
badele/binding.go:198.3,198.62 1 227
badele/binding.go:199.4,200.1 1 47
badele/binding.go:202.2,202.12 1 126
badele/binding.go:210.2,210.30 1 129
badele/binding.go:211.3,212.22 2 218
badele/binding.go:213.4,213.12 1 1
badele/binding.go:215.3,216.70 2 217
badele/binding.go:217.4,217.12 1 1
badele/binding.go:220.3,221.9 2 216
badele/binding.go:222.4,223.18 2 131
badele/binding.go:224.5,225.1 1 4
badele/binding.go:226.4,227.12 2 127
badele/binding.go:233.3,233.53 1 85
badele/binding.go:234.4,236.74 3 4
badele/binding.go:237.5,238.1 1 1
badele/binding.go:239.4,239.33 1 3
badele/binding.go:240.5,241.13 2 2
badele/binding.go:243.4,243.38 1 1
badele/binding.go:245.3,245.43 1 82
badele/binding.go:247.2,247.12 1 124
badele/binding.go:256.2,257.1 1 1973
badele/binding.go:262.2,270.1 1 1832
badele/binding.go:271.3,271.50 1 7031
badele/binding.go:272.4,273.1 1 132
badele/binding.go:275.2,275.21 1 1700
badele/binding.go:281.2,281.16 1 131
badele/binding.go:282.3,283.1 1 1
badele/binding.go:284.2,285.16 2 130
badele/binding.go:286.3,287.1 1 2
badele/binding.go:288.2,296.1 3 128
badele/binding.go:297.2,298.1 3 128
badele/binding.go:301.2,301.9 3 128
badele/binding.go:303.3,303.20 1 43
badele/binding.go:305.3,305.20 1 4
badele/binding.go:307.2,307.28 1 128
badele/binding.go:308.3,309.1 1 1
badele/binding.go:310.2,310.15 1 127
badele/binding.go:319.2,319.23 1 218
badele/binding.go:320.3,320.54 1 12
badele/binding.go:321.4,322.18 2 17
badele/binding.go:323.5,324.1 1 8
badele/binding.go:325.4,326.14 2 9
badele/binding.go:329.2,329.54 1 206
badele/binding.go:330.3,330.54 1 4
badele/binding.go:331.4,332.1 1 4
badele/binding.go:335.2,335.18 1 202
badele/binding.go:337.3,337.54 1 106
badele/binding.go:338.4,340.1 2 87
badele/binding.go:342.3,342.54 1 12
badele/binding.go:343.4,344.18 2 13
badele/binding.go:345.5,346.1 1 3
badele/binding.go:347.4,348.14 2 10
badele/binding.go:351.3,352.54 2 49
badele/binding.go:353.4,354.18 2 86
badele/binding.go:355.5,356.1 1 38
badele/binding.go:357.4,358.14 2 48
badele/binding.go:361.3,362.54 2 6
badele/binding.go:363.4,364.18 2 6
badele/binding.go:365.5,366.1 1 1
badele/binding.go:367.4,368.14 2 5
badele/binding.go:371.3,372.54 2 4
badele/binding.go:373.4,374.18 2 4
badele/binding.go:375.5,376.1 1 1
badele/binding.go:377.4,378.14 2 3
badele/binding.go:381.3,382.17 2 4
badele/binding.go:383.4,384.1 1 1
badele/binding.go:385.3,385.54 1 3
badele/binding.go:386.4,387.46 2 3
badele/binding.go:388.5,389.1 1 2
badele/binding.go:390.4,391.14 2 1
badele/binding.go:394.3,395.17 2 13
badele/binding.go:396.4,397.1 1 1
badele/binding.go:398.3,398.54 1 12
badele/binding.go:399.4,400.26 2 12
badele/binding.go:401.5,401.58 1 25
badele/binding.go:402.6,403.1 1 1
badele/binding.go:405.4,406.14 2 11
badele/binding.go:409.3,409.212 1 8
badele/binding.go:416.2,416.26 1 209
badele/binding.go:417.3,417.12 1 217
badele/binding.go:418.4,418.35 1 8
badele/binding.go:419.5,419.18 1 1
badele/binding.go:420.6,421.1 1 1
badele/binding.go:422.5,422.17 1 1
badele/binding.go:425.3,425.17 1 217
badele/binding.go:427.2,427.10 1 209
badele/binding.go:436.2,436.13 1 181
badele/binding.go:437.3,438.1 1 1
badele/binding.go:439.2,440.1 3 180
badele/binding.go:441.2,442.18 3 180
badele/binding.go:443.3,444.1 1 62
badele/binding.go:446.2,446.26 1 180
badele/binding.go:447.3,449.15 3 234
badele/binding.go:450.4,450.18 1 119
badele/binding.go:451.5,452.13 2 3
badele/binding.go:454.4,454.17 1 116
badele/binding.go:455.5,455.13 1 112
badele/binding.go:457.4,457.30 1 4
badele/binding.go:459.3,459.64 1 119
badele/binding.go:460.4,461.1 1 39
badele/binding.go:464.2,464.19 1 180
badele/binding.go:465.3,465.57 1 84
badele/binding.go:466.4,467.1 1 5
badele/binding.go:469.2,469.27 1 175
badele/binding.go:470.3,471.1 1 69
badele/binding.go:472.2,472.12 1 106
badele/binding.go:479.2,479.18 1 235
badele/binding.go:481.3,482.10 2 30
badele/binding.go:483.4,484.1 1 1
badele/binding.go:485.3,485.27 1 29
badele/binding.go:487.3,488.25 2 182
badele/binding.go:489.4,490.1 1 116
badele/binding.go:491.3,491.17 1 66
badele/binding.go:493.3,494.25 2 21
badele/binding.go:495.4,496.1 1 2
badele/binding.go:497.3,497.17 1 19
badele/binding.go:499.3,500.17 2 2
badele/binding.go:501.4,502.1 1 1
badele/binding.go:503.3,503.38 1 1
badele/binding.go:509.2,509.46 1 84
badele/binding.go:510.3,511.1 1 2
badele/binding.go:513.2,514.15 2 82
badele/binding.go:515.3,515.39 1 82
badele/binding.go:516.4,518.1 2 82
badele/binding.go:520.2,521.1 3 82
badele/binding.go:522.2,523.49 3 82
badele/binding.go:524.3,525.32 2 3
badele/binding.go:526.4,528.1 1 2
badele/binding.go:529.3,529.93 1 1
badele/binding.go:532.2,532.20 1 79
badele/binding.go:533.3,533.22 1 2
badele/binding.go:534.4,535.1 1 2
badele/binding.go:536.3,536.13 1 2
badele/binding.go:539.2,540.20 2 77
badele/binding.go:545.3,546.1 1 3
badele/binding.go:547.2,547.104 1 77
badele/binding.go:548.3,551.1 3 33
badele/binding.go:552.2,552.20 1 44
badele/binding.go:553.3,553.39 1 3
badele/binding.go:554.4,555.1 1 4
badele/binding.go:557.2,557.12 1 44
badele/binding.go:564.2,565.15 2 84
badele/binding.go:566.3,567.1 1 1
badele/binding.go:568.2,569.16 2 83
badele/binding.go:570.3,571.1 1 1
badele/binding.go:572.2,572.78 1 82
badele/binding.go:573.3,574.1 1 81
badele/binding.go:575.2,576.79 1 1
badele/binding.go:584.2,585.1 1 77
badele/binding.go:590.2,590.19 1 972
badele/binding.go:591.3,592.1 1 972
badele/config.go:48.34,48.60 1 2
badele/config.go:50.54,50.80 1 8
badele/config.go:59.36,59.51 1 1
badele/config.go:62.2,64.1 2 47
badele/config.go:79.2,79.31 1 4
badele/config.go:80.3,81.17 2 4
badele/config.go:82.4,84.1 2 2
badele/config.go:85.3,85.71 1 2
badele/config.go:92.2,92.31 1 11
badele/config.go:93.3,94.1 1 11
badele/config.go:99.2,99.31 1 1
badele/config.go:99.33,99.72 1 1
badele/config.go:106.2,106.31 1 1
badele/config.go:106.33,106.52 1 1
badele/config.go:114.2,114.31 1 16
badele/config.go:114.33,114.51 1 16
badele/config.go:125.40,125.55 1 3
badele/config.go:127.56,127.74 1 13
badele/config.go:152.2,154.27 3 17
badele/config.go:155.3,156.1 1 33
badele/config.go:157.2,157.21 1 17
badele/config.go:160.3,161.1 1 1
badele/config.go:163.2,164.32 2 17
badele/config.go:165.3,166.1 1 1
badele/config.go:168.2,169.40 2 16
badele/config.go:170.3,170.56 1 17
badele/config.go:171.4,172.1 1 2
badele/config.go:174.2,176.23 3 16
badele/config.go:177.3,178.1 1 6
badele/config.go:179.2,179.17 1 10
badele/config.go:190.2,191.16 2 2
badele/config.go:192.3,192.70 1 1
badele/config.go:194.2,194.17 1 1
badele/config.go:200.2,200.30 1 17
badele/config.go:201.3,202.26 2 64
badele/config.go:203.4,203.12 1 1
badele/config.go:205.3,207.18 3 63
badele/config.go:208.4,208.12 1 1
badele/config.go:210.3,210.72 1 62
badele/config.go:211.4,212.12 2 1
badele/config.go:214.3,214.14 1 61
badele/config.go:215.4,216.1 1 1
badele/config.go:217.3,217.71 1 61
badele/config.go:224.2,225.12 2 61
badele/config.go:226.3,226.66 1 43
badele/config.go:227.4,228.1 1 39
badele/config.go:229.4,229.44 1 4
badele/config.go:230.5,231.1 1 4
badele/config.go:232.4,232.10 1 4
badele/config.go:235.2,236.16 2 57
badele/config.go:237.3,239.1 2 1
badele/config.go:240.2,240.71 1 56
badele/config.go:241.3,242.1 1 4
badele/config.go:247.2,247.35 1 61
badele/config.go:248.3,248.43 1 66
badele/config.go:249.4,250.1 1 18
badele/config.go:252.2,252.18 1 43
badele/config.go:257.2,258.35 2 6
badele/config.go:259.3,260.1 1 5
badele/config.go:261.2,261.21 1 6
badele/config.go:262.3,263.1 1 2
badele/config.go:264.2,264.36 1 4
badele/config.go:271.2,271.67 1 60
badele/config.go:272.3,273.1 1 50
badele/config.go:274.2,274.15 1 10
badele/config.go:275.3,276.1 1 1
badele/config.go:277.2,278.23 2 9
badele/config.go:279.3,280.1 1 19
badele/config.go:281.2,281.14 1 9
badele/config.go:288.2,288.40 1 4
badele/config.go:289.3,290.1 1 1
badele/config.go:291.2,291.38 1 3
badele/config.go:297.2,300.26 4 9
badele/config.go:301.3,302.23 2 62
badele/config.go:303.4,306.34 4 15
badele/config.go:307.5,308.1 1 8
badele/config.go:310.3,310.14 1 62
badele/config.go:311.4,312.12 2 24
badele/config.go:314.3,314.27 1 38
badele/config.go:315.4,316.12 2 37
badele/config.go:318.3,318.17 1 1
badele/config.go:320.2,320.19 1 9
badele/config.go:326.2,327.16 2 5
badele/config.go:328.3,328.37 1 2
badele/config.go:329.4,330.1 1 1
badele/config.go:331.3,331.18 1 1
badele/config.go:333.2,334.23 2 3
badele/config.go:339.2,341.1 5 9
badele/config.go:343.2,344.1 5 9
badele/config.go:345.2,346.21 5 9
badele/config.go:347.3,349.49 3 19
badele/config.go:350.4,350.12 1 2
badele/config.go:352.3,354.13 3 17
badele/config.go:355.4,356.1 1 2
badele/config.go:357.3,358.16 2 15
badele/config.go:359.4,360.1 1 1
badele/config.go:361.3,362.17 2 14
badele/config.go:363.4,364.1 1 2
badele/config.go:365.3,365.22 1 12
badele/config.go:367.2,367.38 1 4
badele/config.go:368.3,369.1 1 2
badele/config.go:370.2,370.20 1 2
badele/config.go:376.2,376.19 1 14
badele/config.go:377.3,378.36 2 13
badele/config.go:379.4,379.32 1 6
badele/config.go:380.5,381.1 1 2
badele/config.go:382.4,383.21 2 4
badele/config.go:385.5,386.1 1 1
badele/config.go:387.4,387.108 1 3
badele/config.go:390.2,390.43 1 8
badele/config.go:391.3,392.1 1 1
badele/config.go:393.2,393.17 1 8
badele/context.go:54.45,54.57 1 2
badele/context.go:64.58,64.70 1 4
badele/context.go:70.47,70.69 1 19
badele/context.go:75.43,75.60 1 1
badele/context.go:81.40,81.60 1 210
badele/context.go:85.36,85.52 1 1
badele/context.go:91.2,93.1 2 1
badele/context.go:99.2,100.1 1 1
badele/context.go:105.2,106.1 1 177
badele/context.go:112.2,113.29 2 2
badele/context.go:114.3,115.1 1 1
badele/context.go:116.2,116.24 1 1
badele/context.go:122.2,123.1 1 1
badele/context.go:129.2,130.1 1 844
badele/context.go:135.2,136.1 1 2
badele/context.go:142.2,143.1 1 6
badele/context.go:149.2,150.1 1 2
badele/context.go:156.2,157.1 1 1
badele/context.go:170.2,170.17 1 6
badele/context.go:171.3,176.1 2 1
badele/context.go:177.2,177.30 1 5
badele/context.go:183.34,183.51 1 1
badele/context.go:190.2,197.24 8 1278
badele/context.go:198.3,199.1 1 853
badele/context.go:200.2,200.21 1 1278
badele/di.go:40.2,40.19 1 878
badele/di.go:41.3,42.1 1 859
badele/di.go:43.2,43.19 1 19
badele/di.go:43.21,43.50 1 2
badele/di.go:44.2,44.21 1 19
badele/di.go:60.2,61.31 1 44
badele/di.go:62.4,63.1 1 1
badele/di.go:65.4,66.1 1 43
badele/di.go:92.2,94.42 1 28
badele/di.go:95.4,96.18 2 851
badele/di.go:97.5,98.1 1 22
badele/di.go:99.4,99.17 1 828
badele/di.go:102.2,102.26 1 28
badele/di.go:117.2,120.42 1 2
badele/di.go:121.4,122.18 2 2
badele/di.go:123.5,124.1 1 1
badele/di.go:125.4,125.17 1 1
badele/di.go:128.2,128.26 1 2
badele/di.go:155.2,156.27 2 8
badele/di.go:157.3,158.1 1 2
badele/di.go:159.2,159.26 1 8
badele/di.go:160.3,160.48 1 6
badele/di.go:161.4,162.1 1 2
badele/di.go:164.2,166.40 1 8
badele/di.go:166.42,166.61 1 8
badele/di.go:168.2,169.31 1 8
badele/di.go:170.4,171.1 1 1
badele/di.go:173.4,174.28 2 7
badele/di.go:175.5,176.1 1 4
badele/di.go:184.2,185.31 1 30
badele/di.go:186.4,187.1 1 29
badele/di.go:189.4,190.1 1 1
badele/di.go:206.2,207.9 2 833
badele/di.go:208.3,210.60 1 1
badele/di.go:212.2,212.10 1 832
badele/di.go:220.2,221.26 2 875
badele/di.go:222.3,222.32 1 854
badele/di.go:225.4,226.1 1 853
badele/di.go:228.2,229.20 2 22
badele/di.go:237.2,237.24 1 265
badele/di.go:238.3,239.1 1 260
badele/di.go:240.2,241.30 2 5
badele/di.go:242.3,243.1 1 11
badele/di.go:244.2,245.30 2 5
badele/di.go:246.3,246.23 1 11
badele/di.go:247.4,248.1 1 7
badele/di.go:250.2,250.12 1 5
badele/di.go:257.2,257.34 1 1209
badele/di.go:258.3,258.34 1 192
badele/di.go:259.4,260.1 1 31
badele/di.go:262.2,262.33 1 1178
badele/di.go:263.3,264.17 2 878
badele/di.go:265.4,266.1 1 25
badele/di.go:267.3,267.56 1 852
badele/di.go:269.2,269.12 1 1152
badele/docs.go:46.2,47.16 2 147
badele/docs.go:51.3,54.1 2 2
badele/docs.go:55.2,62.1 4 145
badele/docs.go:68.2,69.19 2 146
badele/docs.go:70.3,71.1 1 1
badele/docs.go:72.2,74.1 3 145
badele/docs.go:75.2,75.71 3 145
badele/docs.go:76.3,76.21 1 1331
badele/docs.go:78.4,78.26 1 28
badele/docs.go:80.4,80.26 1 29
badele/docs.go:82.4,83.10 2 1274
badele/docs.go:91.2,91.29 1 28
badele/docs.go:92.3,95.1 3 1
badele/docs.go:96.2,100.96 5 27
badele/docs.go:101.3,103.1 2 1
badele/docs.go:104.2,106.33 3 26
badele/docs.go:107.3,108.1 1 1
badele/docs.go:109.2,109.24 1 25
badele/docs.go:117.2,117.29 1 29
badele/docs.go:118.3,121.1 3 1
badele/docs.go:122.2,123.16 2 28
badele/docs.go:127.3,129.1 2 0
badele/docs.go:130.2,131.1 8 28
badele/docs.go:132.2,147.33 8 28
badele/docs.go:148.3,149.1 1 1
badele/docs.go:150.2,150.30 1 27
badele/docs.go:155.2,156.1 1 62
badele/docs.go:162.2,163.42 2 128
badele/docs.go:167.3,168.1 1 0
badele/docs.go:169.2,169.55 1 128
badele/docs.go:175.2,182.1 1 295
badele/errors.go:141.2,141.41 1 129
badele/errors.go:142.3,143.1 1 118
badele/errors.go:144.2,144.35 1 11
badele/errors.go:145.3,146.1 1 3
badele/errors.go:147.2,147.26 1 8
badele/errors.go:191.2,192.1 1 65
badele/errors.go:199.2,200.1 1 55
badele/errors.go:205.2,205.20 1 3
badele/errors.go:206.3,207.1 1 1
badele/errors.go:208.2,208.81 1 2
badele/errors.go:212.40,212.57 1 1
badele/errors.go:217.2,217.18 1 115
badele/errors.go:218.3,219.1 1 1
badele/errors.go:220.2,220.32 1 114
badele/errors.go:226.38,226.54 1 228
badele/errors.go:232.2,234.1 2 8
badele/errors.go:240.2,242.1 2 1
badele/errors.go:248.2,250.1 2 1
badele/errors.go:265.2,266.25 2 3
badele/errors.go:267.3,268.1 1 2
badele/errors.go:269.2,270.75 1 1
badele/errors.go:276.2,276.16 1 3
badele/errors.go:277.3,278.1 1 1
badele/errors.go:279.2,279.25 1 2
badele/errors.go:283.46,283.85 1 3
badele/errors.go:287.2,288.1 1 77
badele/errors.go:314.2,315.1 3 193
badele/errors.go:316.2,317.25 3 193
badele/errors.go:318.3,323.1 2 70
badele/errors.go:324.3,325.1 2 70
badele/errors.go:327.2,328.25 2 123
badele/errors.go:329.3,335.1 3 113
badele/errors.go:336.3,337.1 3 113
badele/errors.go:339.2,340.25 2 10
badele/errors.go:341.3,346.1 3 2
badele/errors.go:347.3,348.1 3 2
badele/errors.go:350.2,354.1 2 8
badele/errors.go:355.2,355.45 2 8
badele/errors.go:363.2,364.25 2 194
badele/errors.go:365.3,366.1 1 70
badele/errors.go:367.2,368.25 2 124
badele/errors.go:369.3,370.1 1 113
badele/errors.go:371.2,372.25 2 11
badele/errors.go:373.3,373.42 1 2
badele/errors.go:374.4,375.1 1 1
badele/errors.go:376.3,376.13 1 1
badele/errors.go:378.2,378.12 1 9
badele/errors.go:385.2,385.30 1 1642
badele/errors.go:386.3,387.1 1 8
badele/errors.go:388.2,388.13 1 1634
badele/errors.go:399.2,400.25 2 35
badele/errors.go:401.3,402.10 2 8
badele/errors.go:404.4,404.56 1 3
badele/errors.go:406.4,406.107 1 4
badele/errors.go:408.4,408.40 1 1
badele/errors.go:411.2,411.37 1 27
badele/errors.go:416.2,416.11 1 12
badele/errors.go:418.3,418.16 1 1
badele/errors.go:420.3,420.21 1 2
badele/errors.go:422.3,422.20 1 2
badele/errors.go:424.3,424.20 1 2
badele/errors.go:426.3,426.21 1 1
badele/errors.go:428.3,428.20 1 3
badele/errors.go:430.3,430.22 1 1
badele/errors.go:439.2,440.76 2 32
badele/errors.go:441.3,441.43 1 96
badele/errors.go:442.4,443.1 1 26
badele/errors.go:445.2,447.36 3 32
badele/lifecycle.go:49.43,49.58 1 13
badele/lifecycle.go:52.2,52.20 1 5
badele/lifecycle.go:53.3,54.1 1 2
badele/lifecycle.go:55.2,55.21 1 3
badele/lifecycle.go:59.2,59.19 1 5
badele/lifecycle.go:60.3,61.1 1 1
badele/lifecycle.go:62.2,62.20 1 4
badele/lifecycle.go:83.2,84.1 1 5
badele/lifecycle.go:100.67,100.73 1 2
badele/lifecycle.go:128.2,128.54 1 2
badele/lifecycle.go:129.3,130.1 1 2
badele/lifecycle.go:139.2,140.31 1 19
badele/lifecycle.go:144.4,145.1 1 1
badele/lifecycle.go:147.4,148.1 1 18
badele/lifecycle.go:179.2,180.41 2 39
badele/lifecycle.go:181.3,183.1 2 18
badele/lifecycle.go:186.2,189.33 4 21
badele/lifecycle.go:190.3,191.1 1 38
badele/lifecycle.go:192.2,194.1 7 21
badele/lifecycle.go:198.2,200.1 7 21
badele/lifecycle.go:201.2,204.41 7 21
badele/lifecycle.go:205.3,206.13 2 38
badele/lifecycle.go:207.4,211.18 5 38
badele/lifecycle.go:212.5,213.1 1 16
badele/lifecycle.go:216.2,217.1 4 21
badele/lifecycle.go:218.2,220.33 4 21
badele/lifecycle.go:221.3,221.24 1 38
badele/lifecycle.go:222.4,223.12 2 16
badele/lifecycle.go:225.3,226.101 2 22
badele/lifecycle.go:228.2,231.1 4 21
badele/lifecycle.go:232.2,232.23 4 21
badele/lifecycle.go:233.3,236.1 3 9
badele/lifecycle.go:239.3,239.68 3 9
badele/lifecycle.go:240.4,241.1 1 1
badele/lifecycle.go:242.3,242.16 1 9
badele/lifecycle.go:245.2,246.12 2 12
badele/lifecycle.go:256.2,261.1 6 29
badele/lifecycle.go:262.2,262.26 6 29
badele/lifecycle.go:263.3,264.1 1 11
badele/lifecycle.go:265.2,266.1 4 18
badele/lifecycle.go:267.2,269.39 4 18
badele/lifecycle.go:270.3,271.13 2 19
badele/lifecycle.go:272.4,274.46 3 19
badele/lifecycle.go:275.5,277.1 2 2
badele/lifecycle.go:278.4,278.98 1 17
badele/lifecycle.go:281.2,282.1 3 18
badele/lifecycle.go:283.2,284.19 3 18
badele/lifecycle.go:285.3,286.1 1 2
badele/lifecycle.go:287.2,287.15 1 18
badele/lifecycle.go:292.2,292.9 1 55
badele/lifecycle.go:294.3,294.35 1 46
badele/lifecycle.go:296.3,296.35 1 7
badele/lifecycle.go:298.3,298.40 1 2
badele/lifecycle.go:312.2,312.34 1 40
badele/lifecycle.go:313.3,314.1 1 1
badele/lifecycle.go:315.2,315.31 1 39
badele/lifecycle.go:325.2,326.1 1 20
badele/logging.go:48.2,48.19 1 1034
badele/logging.go:49.3,50.1 1 1
badele/logging.go:51.2,51.50 1 1033
badele/logging.go:148.2,148.24 1 211
badele/logging.go:149.3,150.1 1 168
badele/logging.go:151.2,151.23 1 211
badele/logging.go:152.3,153.1 1 175
badele/logging.go:154.2,154.27 1 211
badele/logging.go:155.3,156.1 1 211
badele/logging.go:157.2,157.26 1 211
badele/logging.go:158.3,159.1 1 211
badele/logging.go:160.2,160.28 1 211
badele/logging.go:161.3,162.1 1 210
badele/logging.go:164.2,165.29 2 211
badele/logging.go:166.3,167.30 2 2
badele/logging.go:168.4,169.1 1 1
badele/logging.go:172.2,173.16 2 211
badele/logging.go:175.3,175.36 1 169
badele/logging.go:177.3,181.6 1 17
badele/logging.go:183.3,183.51 1 25
badele/logging.go:190.2,191.9 2 31
badele/logging.go:192.3,193.1 1 26
badele/logging.go:194.2,195.16 2 5
badele/logging.go:196.3,197.1 1 1
badele/logging.go:198.2,198.43 1 4
badele/logging.go:209.2,210.25 2 211
badele/logging.go:211.3,212.1 1 3360
badele/logging.go:213.2,213.10 1 211
badele/logging.go:219.2,221.24 3 3831
badele/logging.go:222.3,223.10 2 34427
badele/logging.go:225.4,225.12 1 1502
badele/logging.go:227.4,227.32 1 13
badele/logging.go:229.4,229.18 1 32912
badele/logging.go:232.2,232.19 1 3831
badele/logging.go:237.2,237.22 1 465
badele/logging.go:238.3,239.1 1 1
badele/logging.go:240.2,241.11 2 464
badele/logging.go:247.2,247.27 1 434
badele/logging.go:248.3,249.1 1 1
badele/logging.go:250.2,250.10 1 433
badele/logging.go:256.68,256.82 1 1898
badele/logging.go:257.68,257.80 1 1
badele/logging.go:258.68,258.78 1 951
badele/logging.go:259.68,259.78 1 2
badele/logging.go:295.2,296.23 2 25
badele/logging.go:297.3,298.1 1 24
badele/logging.go:299.2,300.32 2 25
badele/logging.go:301.3,302.1 1 1
badele/logging.go:303.2,310.1 1 25
badele/logging.go:315.2,316.1 1 32
badele/logging.go:321.2,321.21 1 14
badele/logging.go:322.3,323.1 1 1
badele/logging.go:324.2,325.26 2 13
badele/logging.go:326.3,326.50 1 13
badele/logging.go:327.4,328.12 2 8
badele/logging.go:330.3,330.65 1 5
badele/logging.go:332.2,332.14 1 13
badele/logging.go:338.2,338.16 1 3
badele/logging.go:339.3,340.1 1 1
badele/logging.go:341.2,343.14 3 2
badele/logging.go:349.2,359.1 1 15
badele/logging.go:365.3,367.1 2 9
badele/logging.go:372.2,374.15 3 33
badele/logging.go:375.3,375.25 1 33
badele/logging.go:376.4,378.1 2 32
badele/logging.go:381.2,387.1 8 33
badele/logging.go:388.2,389.33 8 33
badele/logging.go:390.3,392.1 2 26
badele/logging.go:393.2,393.22 1 33
badele/logging.go:394.3,395.1 1 3
badele/logging.go:396.2,397.1 5 33
badele/logging.go:398.2,401.12 5 33
badele/logging.go:406.2,406.16 1 33
badele/logging.go:407.3,408.1 1 1
badele/logging.go:409.2,409.13 1 33
badele/logging.go:410.3,411.1 1 3
badele/logging.go:412.2,413.13 2 33
badele/logging.go:414.3,415.1 1 3
badele/logging.go:416.2,416.12 1 33
badele/logging.go:423.2,423.9 1 38
badele/logging.go:425.3,425.27 1 3
badele/logging.go:427.3,427.28 1 28
badele/logging.go:429.3,429.29 1 3
badele/logging.go:431.3,431.26 1 4
badele/logging.go:437.2,438.13 2 33
badele/logging.go:439.3,443.1 4 3
badele/logging.go:444.2,444.29 1 30
badele/logging.go:451.2,452.19 2 33
badele/logging.go:453.3,454.1 1 22
badele/logging.go:455.2,455.13 1 11
badele/logging.go:456.3,458.1 2 1
badele/logging.go:459.2,462.13 4 11
badele/logging.go:463.3,464.1 1 1
badele/logging.go:467.2,468.13 2 11
badele/logging.go:469.3,470.1 1 1
badele/logging.go:471.2,471.49 1 11
badele/logging.go:477.2,478.26 2 35
badele/logging.go:479.3,480.1 1 1
badele/logging.go:481.2,481.38 1 34
badele/logging.go:482.3,483.22 2 3
badele/logging.go:484.4,485.1 1 1
badele/logging.go:486.3,487.18 2 2
badele/logging.go:488.4,489.1 1 1
badele/logging.go:490.3,490.36 1 2
badele/logging.go:491.4,492.1 1 3
badele/logging.go:493.3,493.13 1 2
badele/logging.go:496.2,497.13 2 31
badele/logging.go:498.3,499.1 1 1
badele/logging.go:500.2,500.27 1 31
badele/logging.go:501.3,503.1 2 5
badele/logging.go:504.2,506.13 3 31
badele/logging.go:507.3,508.1 1 1
badele/logging.go:509.2,509.43 1 31
badele/logging.go:515.2,515.32 1 31
badele/logging.go:516.3,517.1 1 4
badele/logging.go:518.2,518.18 1 27
badele/logging.go:520.3,520.65 1 16
badele/logging.go:522.3,522.47 1 5
badele/logging.go:524.3,524.49 1 1
badele/logging.go:526.3,526.60 1 1
badele/logging.go:528.3,528.43 1 1
badele/logging.go:530.3,530.47 1 1
badele/logging.go:532.3,532.54 1 1
badele/logging.go:534.3,534.44 1 1
badele/logging.go:541.2,541.56 1 16
badele/logging.go:542.3,543.1 1 1
badele/logging.go:544.2,544.14 1 15
badele/logging.go:550.2,550.13 1 23
badele/logging.go:551.3,552.1 1 2
badele/logging.go:553.2,553.44 1 21
badele/logging.go:554.3,555.1 1 6
badele/logging.go:556.2,556.26 1 15
badele/logging.go:561.2,562.19 2 3
badele/logging.go:563.3,564.1 1 1
badele/logging.go:565.2,566.13 2 2
badele/logging.go:567.3,568.1 1 1
badele/logging.go:569.2,573.13 5 2
badele/logging.go:574.3,575.1 1 1
badele/logging.go:576.2,576.12 1 2
badele/logging.go:582.2,582.51 1 6
badele/logging.go:583.3,583.56 1 5
badele/logging.go:584.4,585.1 1 3
badele/logging.go:587.2,587.13 1 3
badele/middleware.go:43.2,45.1 2 2616
badele/middleware.go:49.2,50.1 1 1337
badele/middleware.go:56.2,57.1 1 1335
badele/middleware.go:80.2,80.46 1 180
badele/middleware.go:81.3,81.72 1 147
badele/middleware.go:82.4,83.31 2 1336
badele/middleware.go:84.5,84.64 1 2
badele/middleware.go:85.6,85.56 1 2
badele/middleware.go:86.7,87.1 1 1
badele/middleware.go:90.4,90.16 1 1336
badele/middleware.go:91.5,92.1 1 1335
badele/middleware.go:93.4,94.75 2 1336
badele/middleware.go:111.2,111.46 1 184
badele/middleware.go:112.3,112.72 1 151
badele/middleware.go:117.4,118.17 2 1340
badele/middleware.go:119.5,120.25 2 1340
badele/middleware.go:121.6,122.1 1 1336
badele/middleware.go:123.5,123.42 1 4
badele/middleware.go:124.6,124.22 1 2
badele/middleware.go:126.5,133.30 3 2
badele/middleware.go:135.4,135.25 1 1340
badele/middleware.go:143.2,143.53 1 5
badele/middleware.go:146.3,147.1 1 2
badele/middleware.go:148.2,156.16 2 3
badele/middleware.go:160.3,162.1 2 0
badele/middleware.go:163.2,166.22 4 3
badele/middleware.go:188.2,189.35 2 180
badele/middleware.go:190.3,191.1 1 1
badele/middleware.go:192.2,193.46 2 180
badele/middleware.go:194.3,194.72 1 147
badele/middleware.go:195.4,195.47 1 1336
badele/middleware.go:196.5,198.1 2 1
badele/middleware.go:199.4,202.1 7 1335
badele/middleware.go:203.4,206.11 7 1334
badele/middleware.go:208.5,208.28 1 10
badele/middleware.go:210.5,210.27 1 180
badele/middleware.go:212.4,216.35 1 1334
badele/middleware.go:264.2,265.39 2 5
badele/middleware.go:266.3,267.1 1 2
badele/middleware.go:268.2,268.35 1 3
badele/middleware.go:269.3,272.1 1 3
badele/middleware.go:274.2,274.35 1 3
badele/middleware.go:275.3,276.1 1 3
badele/middleware.go:277.2,277.22 1 3
badele/middleware.go:278.3,279.1 1 2
badele/middleware.go:280.2,284.1 5 3
badele/middleware.go:285.2,285.38 5 3
badele/middleware.go:286.3,286.15 1 7
badele/middleware.go:287.4,288.1 1 1
badele/middleware.go:289.3,289.51 1 6
badele/middleware.go:290.4,291.1 1 2
badele/middleware.go:292.3,292.69 1 4
badele/middleware.go:295.2,295.46 1 3
badele/middleware.go:296.3,296.72 1 3
badele/middleware.go:297.4,298.40 2 8
badele/middleware.go:302.5,302.94 1 4
badele/middleware.go:303.6,305.1 2 1
badele/middleware.go:306.5,307.11 2 3
badele/middleware.go:310.4,311.42 2 4
badele/middleware.go:312.5,313.1 1 1
badele/middleware.go:314.5,316.1 2 3
badele/middleware.go:317.4,317.29 1 4
badele/middleware.go:318.5,319.1 1 2
badele/middleware.go:320.4,320.27 1 4
badele/middleware.go:321.5,322.1 1 2
badele/middleware.go:323.4,323.93 1 4
badele/middleware.go:324.5,331.1 7 1
badele/middleware.go:332.4,332.24 1 3
badele/middleware.go:345.2,345.46 1 179
badele/middleware.go:346.3,346.72 1 146
badele/middleware.go:347.4,352.1 5 1335
badele/middleware.go:358.2,358.22 1 5253
badele/middleware.go:359.3,360.1 1 5252
badele/middleware.go:376.2,376.39 1 3961
badele/middleware.go:377.3,378.1 1 2613
badele/middleware.go:379.2,379.43 1 1348
badele/middleware.go:385.2,385.15 1 1340
badele/middleware.go:386.3,387.1 1 1
badele/middleware.go:388.2,390.38 3 1339
badele/middleware.go:395.2,395.16 1 1312
badele/middleware.go:396.3,398.1 2 3
badele/middleware.go:399.2,401.15 3 1312
badele/middleware.go:407.57,407.82 1 2
badele/middleware.go:412.2,412.19 1 1336
badele/middleware.go:413.3,414.1 1 2
badele/middleware.go:415.2,415.17 1 1334
badele/openapi.go:131.2,131.16 1 250
badele/openapi.go:133.3,133.13 1 179
badele/openapi.go:135.3,135.13 1 4
badele/openapi.go:137.3,137.14 1 55
badele/openapi.go:139.3,139.16 1 3
badele/openapi.go:141.3,141.15 1 2
badele/openapi.go:143.3,143.14 1 2
badele/openapi.go:145.3,145.17 1 2
badele/openapi.go:147.3,147.15 1 3
badele/openapi.go:149.2,149.13 1 247
badele/openapi.go:256.2,257.1 1 153
badele/openapi.go:263.2,263.34 1 12
badele/openapi.go:264.3,265.1 1 1
badele/openapi.go:266.2,266.20 1 11
badele/openapi.go:273.2,285.1 4 145
badele/openapi.go:286.2,288.1 4 145
badele/openapi.go:289.2,289.30 4 145
badele/openapi.go:290.3,290.16 1 244
badele/openapi.go:291.4,291.12 1 2
badele/openapi.go:293.3,294.10 2 242
badele/openapi.go:295.4,297.1 2 235
badele/openapi.go:298.3,298.56 1 242
badele/openapi.go:301.4,301.12 1 2
badele/openapi.go:303.3,303.34 1 240
badele/openapi.go:306.2,306.43 1 145
badele/openapi.go:307.3,308.1 1 60
badele/openapi.go:309.2,309.30 1 145
badele/openapi.go:310.3,311.1 1 137
badele/openapi.go:312.2,312.12 1 145
badele/openapi.go:318.2,318.39 1 480
badele/openapi.go:319.3,320.1 1 479
badele/openapi.go:321.2,321.49 1 1
badele/openapi.go:327.2,327.17 1 534
badele/openapi.go:328.3,329.1 1 17
badele/openapi.go:330.2,330.14 1 517
badele/openapi.go:335.2,342.1 2 242
badele/openapi.go:344.2,344.32 2 242
badele/openapi.go:345.3,346.1 1 106
badele/openapi.go:347.2,347.25 1 242
badele/openapi.go:348.3,353.1 1 53
badele/openapi.go:356.2,359.1 2 242
badele/openapi.go:360.2,360.52 2 242
badele/openapi.go:361.3,362.1 1 119
badele/openapi.go:363.2,363.35 1 242
badele/openapi.go:364.3,365.1 1 20
badele/openapi.go:366.2,366.57 1 242
badele/openapi.go:367.3,368.1 1 242
badele/openapi.go:369.2,369.11 1 242
badele/openapi.go:383.2,387.1 1 152
badele/openapi.go:392.2,393.14 2 106
badele/openapi.go:394.3,395.1 1 21
badele/openapi.go:396.2,402.1 1 106
badele/openapi.go:410.2,410.22 1 53
badele/openapi.go:411.3,412.1 1 49
badele/openapi.go:413.2,414.41 2 4
badele/openapi.go:415.3,417.17 3 6
badele/openapi.go:422.4,422.12 1 0
badele/openapi.go:424.3,425.16 2 6
badele/openapi.go:426.4,427.1 1 5
badele/openapi.go:429.2,430.15 2 4
badele/openapi.go:436.2,436.20 1 242
badele/openapi.go:437.3,438.1 1 3
badele/openapi.go:439.2,439.75 1 239
badele/openapi.go:444.2,449.1 1 381
badele/openapi.go:455.2,455.34 1 2435
badele/openapi.go:458.3,459.1 1 5
badele/openapi.go:460.2,460.68 1 2435
badele/openapi.go:461.3,462.1 1 1481
badele/openapi.go:463.2,463.37 1 954
badele/openapi.go:464.3,465.1 1 306
badele/openapi.go:466.2,468.1 6 648
badele/openapi.go:470.2,473.12 6 648
badele/openapi.go:479.2,480.62 2 649
badele/openapi.go:481.3,482.1 1 1
badele/openapi.go:483.2,484.13 2 649
badele/openapi.go:489.2,489.51 1 4
badele/openapi.go:490.3,491.1 1 1
badele/openapi.go:492.2,492.13 1 3
badele/openapi.go:498.2,498.39 1 5
badele/openapi.go:499.3,499.10 1 50
badele/openapi.go:501.4,501.12 1 48
badele/openapi.go:503.4,503.14 1 2
badele/openapi.go:510.2,513.33 4 649
badele/openapi.go:514.3,515.1 1 1
badele/openapi.go:516.2,516.15 1 649
badele/openapi.go:522.2,522.30 1 651
badele/openapi.go:523.3,524.26 2 1610
badele/openapi.go:525.4,525.12 1 1
badele/openapi.go:527.3,528.17 2 1609
badele/openapi.go:529.4,529.12 1 1
badele/openapi.go:531.3,531.93 1 1608
badele/openapi.go:532.4,533.12 2 2
badele/openapi.go:535.3,536.16 2 1606
badele/openapi.go:537.4,538.1 1 1276
badele/openapi.go:545.2,546.42 2 1612
badele/openapi.go:550.3,551.1 1 3
badele/openapi.go:552.2,554.26 3 1612
badele/openapi.go:555.3,556.1 1 1592
badele/openapi.go:561.2,563.12 3 20
badele/openapi.go:564.3,565.1 1 1
badele/openapi.go:566.2,566.19 1 20
badele/openapi.go:572.2,574.31 3 1618
badele/openapi.go:575.3,576.1 1 2
badele/openapi.go:577.2,577.16 1 1616
badele/openapi.go:578.3,579.1 1 3
badele/openapi.go:580.2,584.63 2 1616
badele/openapi.go:585.3,586.1 1 1
badele/openapi.go:588.2,588.50 1 1616
badele/openapi.go:589.3,590.1 1 1
badele/openapi.go:591.2,591.23 1 1615
badele/openapi.go:597.2,598.1 1 955
badele/openapi.go:602.2,602.11 1 1588
badele/openapi.go:604.3,604.54 1 1
badele/openapi.go:606.3,606.49 1 2
badele/openapi.go:608.3,608.108 1 3
badele/openapi.go:611.2,611.18 1 1582
badele/openapi.go:613.3,613.41 1 1
badele/openapi.go:615.3,615.34 1 115
badele/openapi.go:618.3,618.56 1 200
badele/openapi.go:620.3,620.50 1 1
badele/openapi.go:622.3,622.51 1 3
badele/openapi.go:624.3,624.33 1 1111
badele/openapi.go:626.3,626.39 1 142
badele/openapi.go:628.4,629.1 1 1
badele/openapi.go:630.3,630.62 1 141
badele/openapi.go:632.3,632.62 1 1
badele/openapi.go:634.3,634.78 1 4
badele/openapi.go:636.3,636.29 1 1
badele/openapi.go:640.3,640.19 1 1
badele/openapi.go:642.3,642.99 1 2
badele/openapi.go:649.2,649.18 1 206
badele/openapi.go:651.3,651.17 1 5
badele/openapi.go:653.3,653.17 1 201
badele/openapi.go:660.2,660.22 1 7
badele/openapi.go:663.3,664.1 1 3
badele/openapi.go:665.2,666.43 2 4
badele/openapi.go:667.3,668.1 1 3
badele/openapi.go:669.2,669.17 1 4
badele/router.go:45.55,45.61 1 63
badele/router.go:50.58,50.64 1 23
badele/router.go:59.54,59.66 1 43
badele/router.go:60.54,60.67 1 150
badele/router.go:107.2,107.48 1 23
badele/router.go:107.50,107.69 1 23
badele/router.go:115.2,116.32 1 61
badele/router.go:116.34,116.68 1 3
badele/router.go:117.35,117.69 1 58
badele/router.go:127.2,129.32 2 20
badele/router.go:129.34,129.74 1 1
badele/router.go:130.35,130.75 1 19
badele/router.go:140.2,140.46 1 42
badele/router.go:140.48,140.65 1 42
badele/router.go:146.2,146.46 1 18
badele/router.go:146.48,146.69 1 18
badele/router.go:153.2,153.46 1 1
badele/router.go:153.48,153.77 1 1
badele/router.go:161.2,161.46 1 2
badele/router.go:161.48,161.68 1 2
badele/router.go:167.2,168.32 1 3
badele/router.go:168.34,168.55 1 2
badele/router.go:169.35,169.56 1 1
badele/router.go:177.2,178.32 1 2
badele/router.go:178.34,178.51 1 1
badele/router.go:179.35,179.52 1 1
badele/router.go:188.2,189.32 1 2
badele/router.go:189.34,189.57 1 1
badele/router.go:190.35,190.58 1 1
badele/router.go:202.2,204.32 2 4
badele/router.go:204.34,204.63 1 3
badele/router.go:205.35,205.64 1 1
badele/router.go:293.2,294.27 2 245
badele/router.go:295.3,296.1 1 91
badele/router.go:297.2,297.10 1 245
badele/router.go:318.2,318.18 1 67
badele/router.go:319.3,321.1 2 1
badele/router.go:322.2,322.16 1 66
badele/router.go:323.3,325.1 2 1
badele/router.go:326.2,327.27 2 65
badele/router.go:328.3,329.1 1 81
badele/router.go:330.2,330.66 1 65
badele/router.go:337.2,338.1 1 2
badele/router.go:355.2,356.1 1 210
badele/router.go:362.2,363.1 1 54
badele/router.go:368.2,369.1 1 3
badele/router.go:374.2,375.1 1 1
badele/router.go:380.2,381.1 1 2
badele/router.go:388.2,389.1 1 1
badele/router.go:402.2,403.1 1 3
badele/router.go:414.2,420.1 2 274
badele/router.go:421.2,421.27 2 274
badele/router.go:422.3,423.1 1 106
badele/router.go:424.2,424.14 1 274
badele/router.go:425.3,427.1 2 2
badele/router.go:428.2,428.35 1 272
badele/router.go:429.3,431.1 2 8
badele/router.go:436.2,436.37 1 264
badele/router.go:437.3,438.21 2 1152
badele/router.go:439.4,439.75 1 180
badele/router.go:440.5,441.1 1 74
badele/router.go:443.4,444.1 1 972
badele/router.go:445.3,446.17 2 1078
badele/router.go:447.4,448.1 1 7
badele/router.go:449.3,449.30 1 1068
badele/router.go:451.2,452.11 2 264
badele/router.go:472.2,482.1 2 299
badele/router.go:483.2,483.25 2 299
badele/router.go:484.3,485.1 1 1
badele/router.go:486.2,486.35 1 299
badele/router.go:487.3,488.1 1 1
badele/router.go:489.2,489.12 1 299
badele/router.go:495.2,495.17 1 2243
badele/router.go:496.3,497.1 1 2081
badele/router.go:498.2,501.12 4 162
badele/router.go:509.2,509.15 1 235
badele/router.go:510.3,512.1 2 1
badele/router.go:513.2,516.1 5 234
badele/router.go:517.2,518.51 5 234
badele/router.go:519.3,521.1 2 2
badele/router.go:523.2,523.30 1 232
badele/router.go:524.3,524.41 1 261
badele/router.go:525.4,526.12 2 7
badele/router.go:528.3,528.34 1 254
badele/router.go:529.4,530.1 1 3
badele/router.go:532.2,532.33 1 232
badele/router.go:533.3,535.1 2 65
badele/router.go:541.2,551.1 12 261
badele/router.go:552.2,553.20 12 261
badele/router.go:554.3,555.1 1 219
badele/router.go:556.2,556.41 1 261
badele/router.go:557.3,558.1 1 1
badele/router.go:560.2,561.25 2 260
badele/router.go:562.3,563.1 1 1
badele/router.go:564.2,565.35 2 260
badele/router.go:566.3,567.1 1 3
badele/router.go:569.2,570.26 2 260
badele/router.go:571.3,572.1 1 258
badele/router.go:574.2,575.16 2 260
badele/router.go:576.3,577.1 1 6
badele/router.go:578.2,579.12 2 254
badele/router.go:584.2,584.18 1 234
badele/router.go:585.3,586.1 1 212
badele/router.go:587.2,587.37 1 22
badele/router.go:588.3,589.1 1 1
badele/router.go:590.2,590.36 1 21
badele/router.go:591.3,592.1 1 1
badele/router.go:593.2,593.12 1 20
badele/router.go:599.2,599.17 1 410
badele/router.go:600.3,601.1 1 387
badele/router.go:602.2,604.23 3 23
badele/router.go:605.3,605.27 1 123
badele/router.go:606.4,606.12 1 56
badele/router.go:608.3,609.23 2 67
badele/router.go:611.2,611.12 1 23
badele/router.go:617.2,619.72 3 265
badele/router.go:620.3,620.16 1 390
badele/router.go:621.4,621.12 1 55
badele/router.go:623.3,624.62 2 335
badele/router.go:625.4,627.12 3 48
badele/router.go:629.3,629.36 1 287
badele/router.go:631.2,631.19 1 265
badele/router.go:637.2,637.39 1 335
badele/router.go:638.3,638.10 1 1296
badele/router.go:640.4,640.12 1 1292
badele/router.go:642.4,642.26 1 2
badele/router.go:644.4,644.14 1 2
badele/server.go:79.2,84.27 6 180
badele/server.go:85.3,86.1 1 179
badele/server.go:87.2,87.10 1 180
badele/server.go:93.2,93.9 1 903
badele/server.go:95.3,95.18 1 898
badele/server.go:97.3,97.11 1 2
badele/server.go:99.3,99.11 1 3
badele/server.go:119.2,131.1 2 13
badele/server.go:145.2,146.1 1 2
badele/server.go:156.2,157.16 2 14
badele/server.go:158.3,159.1 1 3
badele/server.go:160.2,160.31 1 11
badele/server.go:169.2,172.1 3 1
badele/server.go:179.2,179.34 1 14
badele/server.go:180.3,181.1 1 1
badele/server.go:184.2,184.46 1 13
badele/server.go:185.3,186.1 1 1
badele/server.go:187.2,188.16 2 12
badele/server.go:189.3,190.1 1 1
badele/server.go:191.2,196.22 2 11
badele/server.go:202.2,204.19 3 11
badele/server.go:205.3,206.1 1 1
badele/server.go:207.2,209.1 3 11
badele/server.go:210.2,211.12 3 11
badele/server.go:212.3,214.20 3 11
badele/server.go:215.4,216.1 1 1
badele/server.go:217.4,218.1 1 10
badele/server.go:219.3,219.43 1 11
badele/server.go:220.4,221.1 1 10
badele/server.go:222.3,222.15 1 11
badele/server.go:225.2,225.9 1 11
badele/server.go:227.3,227.13 1 2
badele/server.go:229.3,229.58 1 9
badele/server.go:230.4,231.1 1 1
badele/server.go:232.3,232.17 1 8
badele/server.go:238.2,240.1 2 27
badele/server.go:253.2,254.19 2 13
badele/server.go:255.3,256.1 1 1
badele/server.go:257.2,258.28 2 12
badele/server.go:259.3,261.1 4 10
badele/server.go:262.3,263.18 4 10
badele/server.go:264.4,267.1 3 10
badele/server.go:268.3,269.17 2 10
badele/server.go:270.4,273.1 2 1
badele/server.go:274.3,275.1 3 10
badele/server.go:278.3,279.22 3 10
badele/server.go:281.2,281.12 1 12
badele/server.go:288.2,289.45 2 24
badele/server.go:290.3,291.1 1 14
badele/server.go:292.2,292.40 1 10
badele/testclient/testclient.go:51.2,51.25 1 16
badele/testclient/testclient.go:51.27,51.55 1 16
badele/testclient/testclient.go:57.2,57.25 1 1
badele/testclient/testclient.go:57.27,57.42 1 1
badele/testclient/testclient.go:62.2,62.25 1 3
badele/testclient/testclient.go:62.27,62.47 1 3
badele/testclient/testclient.go:68.2,68.25 1 1
badele/testclient/testclient.go:68.27,68.48 1 1
badele/testclient/testclient.go:82.2,84.27 3 18
badele/testclient/testclient.go:85.3,86.1 1 21
badele/testclient/testclient.go:87.2,87.36 1 18
badele/testclient/testclient.go:91.3,92.1 1 0
badele/testclient/testclient.go:93.2,93.65 1 18
badele/testclient/testclient.go:95.3,96.1 1 0
badele/testclient/testclient.go:97.2,97.20 1 18
badele/testclient/testclient.go:98.3,98.65 1 18
badele/testclient/testclient.go:100.4,101.1 1 0
badele/testclient/testclient.go:106.2,108.1 6 18
badele/testclient/testclient.go:109.2,111.1 6 18
badele/testclient/testclient.go:112.2,117.1 6 18
badele/testclient/testclient.go:118.2,118.20 6 18
badele/testclient/testclient.go:119.3,120.17 2 15
badele/testclient/testclient.go:123.4,124.1 1 0
badele/testclient/testclient.go:125.3,125.24 1 15
badele/testclient/testclient.go:127.2,127.26 1 18
badele/testclient/testclient.go:128.3,128.74 1 1
badele/testclient/testclient.go:129.4,130.1 1 1
badele/testclient/testclient.go:132.2,132.15 1 18
badele/testclient/testclient.go:137.33,137.54 1 1
badele/testclient/testclient.go:141.46,141.61 1 1
badele/testclient/testclient.go:157.2,157.26 1 1
badele/testclient/testclient.go:157.28,157.55 1 1
badele/testclient/testclient.go:163.2,163.26 1 1
badele/testclient/testclient.go:163.28,163.54 1 1
badele/testclient/testclient.go:169.2,169.26 1 1
badele/testclient/testclient.go:169.28,169.69 1 1
badele/testclient/testclient.go:175.2,175.26 1 1
badele/testclient/testclient.go:176.3,177.17 2 1
badele/testclient/testclient.go:178.4,180.1 2 0
badele/testclient/testclient.go:181.3,182.36 2 1
badele/testclient/testclient.go:190.2,190.26 1 2
badele/testclient/testclient.go:191.3,193.1 2 2
badele/testclient/testclient.go:198.2,198.26 1 1
badele/testclient/testclient.go:199.3,199.24 1 1
badele/testclient/testclient.go:200.4,201.1 1 1
badele/testclient/testclient.go:202.3,202.16 1 1
badele/testclient/testclient.go:208.2,210.1 2 38
badele/testclient/testclient.go:214.2,216.1 2 3
badele/testclient/testclient.go:220.2,222.1 2 1
badele/testclient/testclient.go:226.2,228.1 2 1
badele/testclient/testclient.go:232.2,234.1 2 1
badele/testclient/testclient.go:238.2,240.1 2 1
badele/testclient/testclient.go:244.2,246.1 2 1
badele/testclient/testclient.go:254.2,256.23 3 47
badele/testclient/testclient.go:257.3,258.1 1 0
badele/testclient/testclient.go:259.2,259.27 1 47
badele/testclient/testclient.go:260.3,261.1 1 7
badele/testclient/testclient.go:262.2,262.20 1 47
badele/testclient/testclient.go:265.3,266.1 1 0
badele/testclient/testclient.go:268.2,269.24 2 47
badele/testclient/testclient.go:270.3,271.34 2 1
badele/testclient/testclient.go:272.4,273.1 1 0
badele/testclient/testclient.go:274.3,274.43 1 1
badele/testclient/testclient.go:277.2,278.16 2 47
badele/testclient/testclient.go:280.3,281.1 1 0
badele/testclient/testclient.go:282.2,283.1 3 47
badele/testclient/testclient.go:284.2,285.16 3 47
badele/testclient/testclient.go:288.3,289.1 1 0
badele/testclient/testclient.go:290.2,291.1 3 47
badele/testclient/testclient.go:292.2,293.16 3 47
badele/testclient/testclient.go:296.3,297.1 1 0
badele/testclient/testclient.go:298.2,306.1 1 47
badele/testclient/testclient.go:328.38,328.61 1 1
badele/testclient/testclient.go:332.41,332.86 1 1
badele/testclient/testclient.go:337.2,338.55 2 4
badele/testclient/testclient.go:341.3,343.1 1 0
badele/testclient/testclient.go:353.2,357.1 4 3
badele/testclient/testclient.go:364.2,366.1 2 1
badele/testclient/testclient.go:371.2,373.1 2 1
badele/testclient/testclient.go:378.2,381.1 3 33
badele/testclient/testclient.go:390.2,390.22 1 35
badele/testclient/testclient.go:391.3,392.1 1 34
badele/testclient/testclient.go:393.2,393.103 1 1
badele/testclient/testclient.go:399.2,402.1 3 3
badele/testclient/testclient.go:407.2,407.44 1 5
badele/testclient/testclient.go:408.3,409.1 1 1
badele/testclient/testclient.go:410.2,410.11 1 4
badele/testclient/testclient.go:418.2,421.1 3 10
badele/testclient/testclient.go:426.2,427.53 2 14
badele/testclient/testclient.go:428.3,429.1 1 1
badele/testclient/testclient.go:430.2,430.64 1 13
badele/testclient/testclient.go:431.3,432.1 1 1
badele/testclient/testclient.go:433.2,433.39 1 12
badele/testclient/testclient.go:434.3,435.1 1 1
badele/testclient/testclient.go:436.2,436.11 1 11
badele/testclient/testclient.go:442.2,445.1 3 2
badele/testclient/testclient.go:450.2,451.58 2 5
badele/testclient/testclient.go:452.3,453.1 1 1
badele/testclient/testclient.go:454.2,454.33 1 4
badele/testclient/testclient.go:455.3,456.1 1 1
badele/testclient/testclient.go:457.2,457.11 1 3
badele/testclient/testclient.go:462.2,463.19 2 48
badele/testclient/testclient.go:467.3,468.1 1 0
